This is pdfTeX, Version 3.141592653-2.6-1.40.27 (MiKTeX 25.4) (preloaded format=pdflatex 2025.12.8)  9 FEB 2026 15:13
entering extended mode
 restricted \write18 enabled.
 file:line:error style messages enabled.
 %&-line parsing enabled.
**./Numerics_of_articles12.tex
(Numerics_of_articles12.tex
LaTeX2e <2025-11-01>
L3 programming layer <2025-11-06>
(C:\Users\TLP-001\AppData\Local\Programs\MiKTeX\tex/latex/base\article.cls
Document Class: article 2025/01/22 v1.4n Standard LaTeX document class
(C:\Users\TLP-001\AppData\Local\Programs\MiKTeX\tex/latex/base\size10.clo
File: size10.clo 2025/01/22 v1.4n Standard LaTeX file (size option)
)
\c@part=\count275
\c@section=\count276
\c@subsection=\count277
\c@subsubsection=\count278
\c@paragraph=\count279
\c@subparagraph=\count280
\c@figure=\count281
\c@table=\count282
\abovecaptionskip=\skip49
\belowcaptionskip=\skip50
\bibindent=\dimen148
) (C:\Users\TLP-001\AppData\Local\Programs\MiKTeX\tex/latex/base\inputenc.sty
Package: inputenc 2024/02/08 v1.3d Input encoding file
\inpenc@prehook=\toks17
\inpenc@posthook=\toks18
) (C:\Users\TLP-001\AppData\Local\Programs\MiKTeX\tex/latex/graphics\graphicx.sty
Package: graphicx 2024/12/31 v1.2e Enhanced LaTeX Graphics (DPC,SPQR)
 (C:\Users\TLP-001\AppData\Local\Programs\MiKTeX\tex/latex/graphics\keyval.sty
Package: keyval 2022/05/29 v1.15 key=value parser (DPC)
\KV@toks@=\toks19
) (C:\Users\TLP-001\AppData\Local\Programs\MiKTeX\tex/latex/graphics\graphics.sty
Package: graphics 2024/08/06 v1.4g Standard LaTeX Graphics (DPC,SPQR)
 (C:\Users\TLP-001\AppData\Local\Programs\MiKTeX\tex/latex/graphics\trig.sty
Package: trig 2023/12/02 v1.11 sin cos tan (DPC)
) (C:\Users\TLP-001\AppData\Local\Programs\MiKTeX\tex/latex/graphics-cfg\graphics.cfg
File: graphics.cfg 2016/06/04 v1.11 sample graphics configuration
)
Package graphics Info: Driver file: pdftex.def on input line 106.
 (C:\Users\TLP-001\AppData\Local\Programs\MiKTeX\tex/latex/graphics-def\pdftex.def
File: pdftex.def 2025/09/29 v1.2d Graphics/color driver for pdftex
))
\Gin@req@height=\dimen149
\Gin@req@width=\dimen150
) (C:\Users\TLP-001\AppData\Local\Programs\MiKTeX\tex/latex/caption\subcaption.sty
Package: subcaption 2023/07/28 v1.6b Sub-captions (AR)
 (C:\Users\TLP-001\AppData\Local\Programs\MiKTeX\tex/latex/caption\caption.sty
Package: caption 2023/08/05 v3.6o Customizing captions (AR)
 (C:\Users\TLP-001\AppData\Local\Programs\MiKTeX\tex/latex/caption\caption3.sty
Package: caption3 2023/07/31 v2.4d caption3 kernel (AR)
\caption@tempdima=\dimen151
\captionmargin=\dimen152
\caption@leftmargin=\dimen153
\caption@rightmargin=\dimen154
\caption@width=\dimen155
\caption@indent=\dimen156
\caption@parindent=\dimen157
\caption@hangindent=\dimen158
Package caption Info: Standard document class detected.
)
\c@caption@flags=\count283
\c@continuedfloat=\count284
)
Package caption Info: New subtype `subfigure' on input line 238.
\c@subfigure=\count285
Package caption Info: New subtype `subtable' on input line 238.
\c@subtable=\count286
) (C:\Users\TLP-001\AppData\Local\Programs\MiKTeX\tex/latex/grffile\grffile.sty
Package: grffile 2019/11/11 v2.1 Extended file name support for graphics (legacy)
Package grffile Info: This package is an empty stub for compatibility on input line 40.
) (C:\Users\TLP-001\AppData\Local\Programs\MiKTeX\tex/latex/amsmath\amsmath.sty
Package: amsmath 2025/07/09 v2.17z AMS math features
\@mathmargin=\skip51

For additional information on amsmath, use the `?' option.
(C:\Users\TLP-001\AppData\Local\Programs\MiKTeX\tex/latex/amsmath\amstext.sty
Package: amstext 2024/11/17 v2.01 AMS text
 (C:\Users\TLP-001\AppData\Local\Programs\MiKTeX\tex/latex/amsmath\amsgen.sty
File: amsgen.sty 1999/11/30 v2.0 generic functions
\@emptytoks=\toks20
\ex@=\dimen159
)) (C:\Users\TLP-001\AppData\Local\Programs\MiKTeX\tex/latex/amsmath\amsbsy.sty
Package: amsbsy 1999/11/29 v1.2d Bold Symbols
\pmbraise@=\dimen160
) (C:\Users\TLP-001\AppData\Local\Programs\MiKTeX\tex/latex/amsmath\amsopn.sty
Package: amsopn 2022/04/08 v2.04 operator names
)
\inf@bad=\count287
LaTeX Info: Redefining \frac on input line 233.
\uproot@=\count288
\leftroot@=\count289
LaTeX Info: Redefining \overline on input line 398.
LaTeX Info: Redefining \colon on input line 409.
\classnum@=\count290
\DOTSCASE@=\count291
LaTeX Info: Redefining \ldots on input line 495.
LaTeX Info: Redefining \dots on input line 498.
LaTeX Info: Redefining \cdots on input line 619.
\Mathstrutbox@=\box53
\strutbox@=\box54
LaTeX Info: Redefining \big on input line 721.
LaTeX Info: Redefining \Big on input line 722.
LaTeX Info: Redefining \bigg on input line 723.
LaTeX Info: Redefining \Bigg on input line 724.
\big@size=\dimen161
LaTeX Font Info:    Redeclaring font encoding OML on input line 742.
LaTeX Font Info:    Redeclaring font encoding OMS on input line 743.
\macc@depth=\count292
LaTeX Info: Redefining \bmod on input line 904.
LaTeX Info: Redefining \pmod on input line 909.
LaTeX Info: Redefining \smash on input line 939.
LaTeX Info: Redefining \relbar on input line 969.
LaTeX Info: Redefining \Relbar on input line 970.
\c@MaxMatrixCols=\count293
\dotsspace@=\muskip17
\c@parentequation=\count294
\dspbrk@lvl=\count295
\tag@help=\toks21
\row@=\count296
\column@=\count297
\maxfields@=\count298
\andhelp@=\toks22
\eqnshift@=\dimen162
\alignsep@=\dimen163
\tagshift@=\dimen164
\tagwidth@=\dimen165
\totwidth@=\dimen166
\lineht@=\dimen167
\@envbody=\toks23
\multlinegap=\skip52
\multlinetaggap=\skip53
\mathdisplay@stack=\toks24
LaTeX Info: Redefining \[ on input line 2950.
LaTeX Info: Redefining \] on input line 2951.
) (C:\Users\TLP-001\AppData\Local\Programs\MiKTeX\tex/latex/tools\bm.sty
Package: bm 2025/10/21 v1.2g Bold Symbol Support (DPC/FMi)
\symboldoperators=\mathgroup4
\symboldletters=\mathgroup5
\symboldsymbols=\mathgroup6
Package bm Info: No bold for \OMX/cmex/m/n, using \pmb.
LaTeX Font Info:    Redeclaring math alphabet \mathbf on input line 149.
) (C:\Users\TLP-001\AppData\Local\Programs\MiKTeX\tex/latex/l3backend\l3backend-pdftex.def
File: l3backend-pdftex.def 2025-10-09 L3 backend support: PDF output (pdfTeX)
\l__color_backend_stack_int=\count299
) (Numerics_of_articles12.aux)
\openout1 = `Numerics_of_articles12.aux'.

LaTeX Font Info:    Checking defaults for OML/cmm/m/it on input line 14.
LaTeX Font Info:    ... okay on input line 14.
LaTeX Font Info:    Checking defaults for OMS/cmsy/m/n on input line 14.
LaTeX Font Info:    ... okay on input line 14.
LaTeX Font Info:    Checking defaults for OT1/cmr/m/n on input line 14.
LaTeX Font Info:    ... okay on input line 14.
LaTeX Font Info:    Checking defaults for T1/cmr/m/n on input line 14.
LaTeX Font Info:    ... okay on input line 14.
LaTeX Font Info:    Checking defaults for TS1/cmr/m/n on input line 14.
LaTeX Font Info:    ... okay on input line 14.
LaTeX Font Info:    Checking defaults for OMX/cmex/m/n on input line 14.
LaTeX Font Info:    ... okay on input line 14.
LaTeX Font Info:    Checking defaults for U/cmr/m/n on input line 14.
LaTeX Font Info:    ... okay on input line 14.
 (C:\Users\TLP-001\AppData\Local\Programs\MiKTeX\tex/context/base/mkii\supp-pdf.mkii
[Loading MPS to PDF converter (version 2006.09.02).]
\scratchcounter=\count300
\scratchdimen=\dimen168
\scratchbox=\box55
\nofMPsegments=\count301
\nofMParguments=\count302
\everyMPshowfont=\toks25
\MPscratchCnt=\count303
\MPscratchDim=\dimen169
\MPnumerator=\count304
\makeMPintoPDFobject=\count305
\everyMPtoPDFconversion=\toks26
) (C:\Users\TLP-001\AppData\Local\Programs\MiKTeX\tex/latex/epstopdf-pkg\epstopdf-base.sty
Package: epstopdf-base 2020-01-24 v2.11 Base part for package epstopdf
Package epstopdf-base Info: Redefining graphics rule for `.eps' on input line 485.
 (C:\Users\TLP-001\AppData\Local\Programs\MiKTeX\tex/latex/00miktex\epstopdf-sys.cfg
File: epstopdf-sys.cfg 2021/03/18 v2.0 Configuration of epstopdf for MiKTeX
))
Package caption Info: Begin \AtBeginDocument code.
Package caption Info: End \AtBeginDocument code.
 [1

{C:/Users/TLP-001/AppData/Local/MiKTeX/fonts/map/pdftex/pdftex.map}]
Overfull \hbox (17.55939pt too wide) in paragraph at lines 66--69
\OT1/cmr/m/n/10 integrates this flux to ob-tain the ac-cu-mu-lated de-posited en-ergy $\OML/cmm/m/it/10 E\OT1/cmr/m/n/10 (\OML/cmm/m/it/10 t\OT1/cmr/m/n/10 ) = [][] \OML/cmm/m/it/10 F\OT1/cmr/m/n/10 (0\OML/cmm/m/it/10 ; t[]\OT1/cmr/m/n/10 ) \OML/cmm/m/it/10 dt[]$\OT1/cmr/m/n/10 ,
 []

[2] [3] [4] [5] [6] [7] [8] [9] [10]
Overfull \hbox (6.00426pt too wide) in paragraph at lines 444--448
\OT1/cmr/m/n/10 into CSV files (e.g. \OT1/cmtt/m/n/10 stored[]Tm.csv\OT1/cmr/m/n/10 , \OT1/cmtt/m/n/10 stored[]Um.csv\OT1/cmr/m/n/10 , and the anal-o-gous \OT1/cmtt/m/n/10 *[]marshak
 []

[11]
Overfull \hbox (35.13037pt too wide) in paragraph at lines 472--473
\OT1/cmtt/m/n/10 compare[]with[]article[]2[]exp5[]15a() \OT1/cmr/m/n/10 and \OT1/cmtt/m/n/10 compare[]with[]article[]2[]exp5[]15b()\OT1/cmr/m/n/10 ,
 []


Overfull \hbox (1.39886pt too wide) in paragraph at lines 474--475
\OT1/cmtt/m/n/10 compare[]with[]article[]2[]exp7[]17() \OT1/cmr/m/n/10 re-pro-duces Fig. 17, in-clud-ing the fact
 []

[12]
<figures_1.5D/Back_SiO2.png, id=56, 694.84593pt x 520.94624pt>
File: figures_1.5D/Back_SiO2.png Graphic file (type png)
<use figures_1.5D/Back_SiO2.png>
Package pdftex.def Info: figures_1.5D/Back_SiO2.png  used on input line 486.
(pdftex.def)             Requested size: 345.0pt x 258.65216pt.
<figures_1.5D/Back_SiO2_radius.png, id=58, 554.07pt x 418.56375pt>
File: figures_1.5D/Back_SiO2_radius.png Graphic file (type png)
<use figures_1.5D/Back_SiO2_radius.png>
Package pdftex.def Info: figures_1.5D/Back_SiO2_radius.png  used on input line 493.
(pdftex.def)             Requested size: 241.49895pt x 182.43779pt.


LaTeX Warning: `!h' float specifier changed to `!ht'.

<figures_1.5D/Back_Ta2O5.png, id=59, 1391.1975pt x 666.99188pt>
File: figures_1.5D/Back_Ta2O5.png Graphic file (type png)
<use figures_1.5D/Back_Ta2O5.png>
Package pdftex.def Info: figures_1.5D/Back_Ta2O5.png  used on input line 500.
(pdftex.def)             Requested size: 345.0pt x 165.40413pt.

LaTeX Warning: `!h' float specifier changed to `!ht'.

<figures_1.5D/Massen_120.png, id=60, 1360.33218pt x 676.77844pt>
File: figures_1.5D/Massen_120.png Graphic file (type png)
<use figures_1.5D/Massen_120.png>
Package pdftex.def Info: figures_1.5D/Massen_120.png  used on input line 509.
(pdftex.def)             Requested size: 345.0pt x 171.64165pt.

LaTeX Warning: `!h' float specifier changed to `!ht'.

[13 <./figures_1.5D/Back_SiO2.png>]
<figures_1.5D/Xu_C6H12_front.png, id=66, 743.02594pt x 548.0475pt>
File: figures_1.5D/Xu_C6H12_front.png Graphic file (type png)
<use figures_1.5D/Xu_C6H12_front.png>
Package pdftex.def Info: figures_1.5D/Xu_C6H12_front.png  used on input line 518.
(pdftex.def)             Requested size: 258.75pt x 190.84944pt.


LaTeX Warning: `!h' float specifier changed to `!ht'.

<figures_1.5D/Xu_C6H12_Temperature.png, id=67, 602.25pt x 450.9347pt>
File: figures_1.5D/Xu_C6H12_Temperature.png Graphic file (type png)
<use figures_1.5D/Xu_C6H12_Temperature.png>
Package pdftex.def Info: figures_1.5D/Xu_C6H12_Temperature.png  used on input line 525.
(pdftex.def)             Requested size: 258.75pt x 193.74677pt.

LaTeX Warning: `!h' float specifier changed to `!ht'.

<figures_1.5D/Xu_C6H12Cu0.394.png, id=68, 736.25063pt x 548.0475pt>
File: figures_1.5D/Xu_C6H12Cu0.394.png Graphic file (type png)
<use figures_1.5D/Xu_C6H12Cu0.394.png>
Package pdftex.def Info: figures_1.5D/Xu_C6H12Cu0.394.png  used on input line 532.
(pdftex.def)             Requested size: 258.75pt x 192.61394pt.

LaTeX Warning: `!h' float specifier changed to `!ht'.

[14 <./figures_1.5D/Back_SiO2_radius.png> <./figures_1.5D/Back_Ta2O5.png>] [15 <./figures_1.5D/Massen_120.png> <./figures_1.5D/Xu_C6H12_front.png>] [16 <./figures_1.5D/Xu_C6H12_Temperature.png> <./figures_1.5D/Xu_C6H12Cu0.394.png>]
<figures_1.5D/Moore_C8H7Cl.png, id=84, 734.745pt x 551.05875pt>
File: figures_1.5D/Moore_C8H7Cl.png Graphic file (type png)
<use figures_1.5D/Moore_C8H7Cl.png>
Package pdftex.def Info: figures_1.5D/Moore_C8H7Cl.png  used on input line 545.
(pdftex.def)             Requested size: 345.0pt x 258.7538pt.
<figures_1.5D/Moore_SiO2.png, id=85, 741.52031pt x 441.14813pt>
File: figures_1.5D/Moore_SiO2.png Graphic file (type png)
<use figures_1.5D/Moore_SiO2.png>
Package pdftex.def Info: figures_1.5D/Moore_SiO2.png  used on input line 552.
(pdftex.def)             Requested size: 345.0pt x 205.25291pt.


LaTeX Warning: `!h' float specifier changed to `!ht'.

<figures_1.5D/Keiter_pure.png, id=86, 886.06032pt x 550.30594pt>
File: figures_1.5D/Keiter_pure.png Graphic file (type png)
<use figures_1.5D/Keiter_pure.png>
Package pdftex.def Info: figures_1.5D/Keiter_pure.png  used on input line 563.
(pdftex.def)             Requested size: 155.24895pt x 96.41414pt.
<figures_1.5D/Keiter_doped.png, id=87, 923.70094pt x 547.2947pt>
File: figures_1.5D/Keiter_doped.png Graphic file (type png)
<use figures_1.5D/Keiter_doped.png>
Package pdftex.def Info: figures_1.5D/Keiter_doped.png  used on input line 570.
(pdftex.def)             Requested size: 155.24895pt x 91.97827pt.

LaTeX Warning: `!h' float specifier changed to `!ht'.

[17 <./figures_1.5D/Moore_C8H7Cl.png>]
<figures_1.5D/Ji-Yan_exp.png, id=92, 746.03719pt x 548.80031pt>
File: figures_1.5D/Ji-Yan_exp.png Graphic file (type png)
<use figures_1.5D/Ji-Yan_exp.png>
Package pdftex.def Info: figures_1.5D/Ji-Yan_exp.png  used on input line 582.
(pdftex.def)             Requested size: 345.0pt x 253.78265pt.


LaTeX Warning: `!h' float specifier changed to `!ht'.

[18 <./figures_1.5D/Moore_SiO2.png> <./figures_1.5D/Keiter_pure.png> <./figures_1.5D/Keiter_doped.png>] [19 <./figures_1.5D/Ji-Yan_exp.png>] (Numerics_of_articles12.aux)
 ***********
LaTeX2e <2025-11-01>
L3 programming layer <2025-11-06>
 ***********
 ) 
Here is how much of TeX's memory you used:
 3804 strings out of 467871
 66436 string characters out of 5417408
 472179 words of memory out of 5000000
 32657 multiletter control sequences out of 15000+600000
 640922 words of font info for 85 fonts, out of 8000000 for 9000
 1141 hyphenation exceptions out of 8191
 67i,8n,77p,881b,548s stack positions out of 10000i,1000n,20000p,200000b,200000s
 <C:\Users\TLP-001\AppData\Local\MiKTeX\fonts/pk/ljfour/jknappen/ec/dpi600\tcrm1000.pk><C:/Users/TLP-001/AppData/Local/Programs/MiKTeX/fonts/type1/public/amsfonts/cm/cmbx10.pfb><C:/Users/TLP-001/AppData/Local/Programs/MiKTeX/fonts/type1/public/amsfonts/cm/cmbx12.pfb><C:/Users/TLP-001/AppData/Local/Programs/MiKTeX/fonts/type1/public/amsfonts/cm/cmex10.pfb><C:/Users/TLP-001/AppData/Local/Programs/MiKTeX/fonts/type1/public/amsfonts/cm/cmmi10.pfb><C:/Users/TLP-001/AppData/Local/Programs/MiKTeX/fonts/type1/public/amsfonts/cm/cmmi5.pfb><C:/Users/TLP-001/AppData/Local/Programs/MiKTeX/fonts/type1/public/amsfonts/cm/cmmi6.pfb><C:/Users/TLP-001/AppData/Local/Programs/MiKTeX/fonts/type1/public/amsfonts/cm/cmmi7.pfb><C:/Users/TLP-001/AppData/Local/Programs/MiKTeX/fonts/type1/public/amsfonts/cm/cmmi9.pfb><C:/Users/TLP-001/AppData/Local/Programs/MiKTeX/fonts/type1/public/amsfonts/cm/cmr10.pfb><C:/Users/TLP-001/AppData/Local/Programs/MiKTeX/fonts/type1/public/amsfonts/cm/cmr12.pfb><C:/Users/TLP-001/AppData/Local/Programs/MiKTeX/fonts/type1/public/amsfonts/cm/cmr17.pfb><C:/Users/TLP-001/AppData/Local/Programs/MiKTeX/fonts/type1/public/amsfonts/cm/cmr5.pfb><C:/Users/TLP-001/AppData/Local/Programs/MiKTeX/fonts/type1/public/amsfonts/cm/cmr6.pfb><C:/Users/TLP-001/AppData/Local/Programs/MiKTeX/fonts/type1/public/amsfonts/cm/cmr7.pfb><C:/Users/TLP-001/AppData/Local/Programs/MiKTeX/fonts/type1/public/amsfonts/cm/cmr9.pfb><C:/Users/TLP-001/AppData/Local/Programs/MiKTeX/fonts/type1/public/amsfonts/cm/cmsy10.pfb><C:/Users/TLP-001/AppData/Local/Programs/MiKTeX/fonts/type1/public/amsfonts/cm/cmsy5.pfb><C:/Users/TLP-001/AppData/Local/Programs/MiKTeX/fonts/type1/public/amsfonts/cm/cmsy7.pfb><C:/Users/TLP-001/AppData/Local/Programs/MiKTeX/fonts/type1/public/amsfonts/cm/cmti10.pfb><C:/Users/TLP-001/AppData/Local/Programs/MiKTeX/fonts/type1/public/amsfonts/cm/cmtt10.pfb>
Output written on c:/Users\TLP-001\semesterC\project1\Numerics_of_articles12.pdf (19 pages, 1405884 bytes).
PDF statistics:
 194 PDF objects out of 1000 (max. 8388607)
 0 named destinations out of 1000 (max. 500000)
 61 words of extra memory for PDF output out of 10000 (max. 10000000)

